// Jest Snapshot v1, https://goo.gl/fbAQLP

exports[`Prueba de CounterApp debe de hacer match con el snapshot 1`] = `
<div>
  <h1>
    CounterApp: 
  </h1>
  <h2
    id="counter"
  />
  <button>
    Button
  </button>
  <button>
    +1
  </button>
  <button>
    - 1
  </button>
  <button
    aria-label="btn-reset"
  >
    Reset
  </button>
</div>
`;
