// Jest Snapshot v1, https://goo.gl/fbAQLP

exports[`Prueba en FirstApp debe hacer match con el snapshot 1`] = `
<div>
  <h1>
    title: Soy un default value property
  </h1>
  <h2>
    subTitle 2
  </h2>
  <h3 />
  <p>
    5
  </p>
</div>
`;
